// Jest Snapshot v1, https://goo.gl/fbAQLP

exports[`<MovieHunter/> capturing Snapshot of MovieHunter 1`] = `
Array [
  <div>
    <span>
      find your movie
    </span>
    <div>
      <input
        placeholder="search"
      />
      <button
        onClick={[Function]}
      >
        search
      </button>
    </div>
    <div
      style={
        Object {
          "display": "flex",
        }
      }
    >
      <label>
        search by
      </label>
      <div>
        <button
          onClick={[Function]}
        >
          title
        </button>
        <button
          className={null}
          onClick={[Function]}
        >
          genre
        </button>
      </div>
    </div>
  </div>,
  <div>
    <span>
      0 movie found
    </span>
    <div
      style={
        Object {
          "display": "flex",
        }
      }
    >
      <label>
        sort by
      </label>
      <div>
        <button
          onClick={[Function]}
        >
          release date
        </button>
        <button
          className={null}
          onClick={[Function]}
        >
          rating
        </button>
      </div>
    </div>
  </div>,
  <div>
    <div>
      No films found
    </div>
  </div>,
]
`;
